Archive member included to satisfy reference by file (symbol)

../src/QTouch\libavr25g1-4qt-k-1rs.a(burst_1_1_10_0_1.o)
                              touch.o (burst_1_1_10_0_1)
../src/QTouch\libavr25g1-4qt-k-1rs.a(touch_api.o)
                              touch.o (qt_init_sensing_with_burst)
../src/QTouch\libavr25g1-4qt-k-1rs.a(touch_process.o)
                              ../src/QTouch\libavr25g1-4qt-k-1rs.a(touch_api.o) (sensors)
../src/QTouch\libavr25g1-4qt-k-1rs.a(touch_burst_qt.o)
                              ../src/QTouch\libavr25g1-4qt-k-1rs.a(touch_api.o) (burst_init)
../src/QTouch\libavr25g1-4qt-k-1rs.a(touch_rs_qt.o)
                              ../src/QTouch\libavr25g1-4qt-k-1rs.a(touch_api.o) (num_rotors_sliders)
c:/program files (x86)/atmel/studio/7.0/toolchain/avr8/avr8-gnu-toolchain/bin/../lib/gcc/avr/5.4.0/avr25\libgcc.a(_mulhi3.o)
                              ../src/QTouch\libavr25g1-4qt-k-1rs.a(touch_rs_qt.o) (__mulhi3)
c:/program files (x86)/atmel/studio/7.0/toolchain/avr8/avr8-gnu-toolchain/bin/../lib/gcc/avr/5.4.0/avr25\libgcc.a(_divmodhi4.o)
                              src/io.o (__divmodhi4)
c:/program files (x86)/atmel/studio/7.0/toolchain/avr8/avr8-gnu-toolchain/bin/../lib/gcc/avr/5.4.0/avr25\libgcc.a(_exit.o)
                              C:/Program Files (x86)/Atmel/Studio/7.0/Packs/atmel/ATtiny_DFP/1.3.229/gcc/dev/attiny84/avr25/crtattiny84.o (exit)
c:/program files (x86)/atmel/studio/7.0/toolchain/avr8/avr8-gnu-toolchain/bin/../lib/gcc/avr/5.4.0/avr25\libgcc.a(_copy_data.o)
                              main.o (__do_copy_data)
c:/program files (x86)/atmel/studio/7.0/toolchain/avr8/avr8-gnu-toolchain/bin/../lib/gcc/avr/5.4.0/avr25\libgcc.a(_clear_bss.o)
                              main.o (__do_clear_bss)
c:/program files (x86)/atmel/studio/7.0/toolchain/avr8/avr8-gnu-toolchain/bin/../lib/gcc/avr/5.4.0/avr25\libgcc.a(_prologue.o)
                              ../src/QTouch\libavr25g1-4qt-k-1rs.a(burst_1_1_10_0_1.o) (__prologue_saves__)
c:/program files (x86)/atmel/studio/7.0/toolchain/avr8/avr8-gnu-toolchain/bin/../lib/gcc/avr/5.4.0/avr25\libgcc.a(_epilogue.o)
                              ../src/QTouch\libavr25g1-4qt-k-1rs.a(burst_1_1_10_0_1.o) (__epilogue_restores__)
c:/program files (x86)/atmel/studio/7.0/toolchain/avr8/avr8-gnu-toolchain/bin/../lib/gcc/avr/5.4.0/avr25\libgcc.a(_adddi3_s8.o)
                              src/QTouch/init_mcu_attiny84.o (__adddi3_s8)
c:/program files (x86)/atmel/studio/7.0/toolchain/avr8/avr8-gnu-toolchain/bin/../lib/gcc/avr/5.4.0/avr25\libgcc.a(_subdi3.o)
                              main.o (__subdi3)
c:/program files (x86)/atmel/studio/7.0/toolchain/avr8/avr8-gnu-toolchain/bin/../lib/gcc/avr/5.4.0/avr25\libgcc.a(_udivmodhi4.o)
                              c:/program files (x86)/atmel/studio/7.0/toolchain/avr8/avr8-gnu-toolchain/bin/../lib/gcc/avr/5.4.0/avr25\libgcc.a(_divmodhi4.o) (__udivmodhi4)

Discarded input sections

 .data          0x00000000        0x0 C:/Program Files (x86)/Atmel/Studio/7.0/Packs/atmel/ATtiny_DFP/1.3.229/gcc/dev/attiny84/avr25/crtattiny84.o
 .bss           0x00000000        0x0 C:/Program Files (x86)/Atmel/Studio/7.0/Packs/atmel/ATtiny_DFP/1.3.229/gcc/dev/attiny84/avr25/crtattiny84.o
 .text          0x00000000        0x0 main.o
 .data          0x00000000        0x0 main.o
 .bss           0x00000000        0x0 main.o
 .text.get_rotor_pos
                0x00000000        0xe main.o
 .text          0x00000000        0x0 src/adc.o
 .data          0x00000000        0x0 src/adc.o
 .bss           0x00000000        0x0 src/adc.o
 .text          0x00000000        0x0 src/io.o
 .data          0x00000000        0x0 src/io.o
 .bss           0x00000000        0x0 src/io.o
 .text.io_rotor_step
                0x00000000       0x48 src/io.o
 .bss.state.1651
                0x00000000        0x2 src/io.o
 .text          0x00000000        0x0 src/puzzle.o
 .data          0x00000000        0x0 src/puzzle.o
 .bss           0x00000000        0x0 src/puzzle.o
 .text.puzzle_temp_step
                0x00000000       0x34 src/puzzle.o
 .bss.count.1867
                0x00000000        0x2 src/puzzle.o
 .text          0x00000000        0x0 src/QTouch/BitBangSPI_Master.o
 .data          0x00000000        0x0 src/QTouch/BitBangSPI_Master.o
 .bss           0x00000000        0x0 src/QTouch/BitBangSPI_Master.o
 .debug_line    0x00000000        0x0 src/QTouch/BitBangSPI_Master.o
 .debug_str     0x00000000      0x12c src/QTouch/BitBangSPI_Master.o
 .comment       0x00000000       0x31 src/QTouch/BitBangSPI_Master.o
 .text          0x00000000        0x0 src/QTouch/init_mcu_attiny84.o
 .data          0x00000000        0x0 src/QTouch/init_mcu_attiny84.o
 .bss           0x00000000        0x0 src/QTouch/init_mcu_attiny84.o
 .text          0x00000000        0x0 src/QTouch/eeprom_access.o
 .data          0x00000000        0x0 src/QTouch/eeprom_access.o
 .bss           0x00000000        0x0 src/QTouch/eeprom_access.o
 .debug_line    0x00000000        0x0 src/QTouch/eeprom_access.o
 .debug_str     0x00000000      0x128 src/QTouch/eeprom_access.o
 .comment       0x00000000       0x31 src/QTouch/eeprom_access.o
 .text          0x00000000        0x0 src/QTouch/QDebug.o
 .data          0x00000000        0x0 src/QTouch/QDebug.o
 .bss           0x00000000        0x0 src/QTouch/QDebug.o
 .debug_line    0x00000000        0x0 src/QTouch/QDebug.o
 .debug_str     0x00000000      0x121 src/QTouch/QDebug.o
 .comment       0x00000000       0x31 src/QTouch/QDebug.o
 .text          0x00000000        0x0 src/QTouch/QDebugTransport.o
 .data          0x00000000        0x0 src/QTouch/QDebugTransport.o
 .bss           0x00000000        0x0 src/QTouch/QDebugTransport.o
 .debug_line    0x00000000        0x0 src/QTouch/QDebugTransport.o
 .debug_str     0x00000000      0x12a src/QTouch/QDebugTransport.o
 .comment       0x00000000       0x31 src/QTouch/QDebugTransport.o
 .data          0x00000000        0x0 src/QTouch/qt_asm_tiny_mega.o
 .bss           0x00000000        0x0 src/QTouch/qt_asm_tiny_mega.o
 .text          0x00000000        0x0 touch.o
 .data          0x00000000        0x0 touch.o
 .bss           0x00000000        0x0 touch.o
 .data.pqt_measure_data
                0x00000000        0x2 touch.o
 .data          0x00000000        0x0 ../src/QTouch\libavr25g1-4qt-k-1rs.a(burst_1_1_10_0_1.o)
 .progmem.data  0x00000000        0x6 ../src/QTouch\libavr25g1-4qt-k-1rs.a(touch_api.o)
 .data          0x00000000        0x0 ../src/QTouch\libavr25g1-4qt-k-1rs.a(touch_process.o)
 .data          0x00000000        0x0 ../src/QTouch\libavr25g1-4qt-k-1rs.a(touch_burst_qt.o)
 .data          0x00000000        0x0 ../src/QTouch\libavr25g1-4qt-k-1rs.a(touch_rs_qt.o)
 .text          0x00000000        0x0 c:/program files (x86)/atmel/studio/7.0/toolchain/avr8/avr8-gnu-toolchain/bin/../lib/gcc/avr/5.4.0/avr25\libgcc.a(_mulhi3.o)
 .data          0x00000000        0x0 c:/program files (x86)/atmel/studio/7.0/toolchain/avr8/avr8-gnu-toolchain/bin/../lib/gcc/avr/5.4.0/avr25\libgcc.a(_mulhi3.o)
 .bss           0x00000000        0x0 c:/program files (x86)/atmel/studio/7.0/toolchain/avr8/avr8-gnu-toolchain/bin/../lib/gcc/avr/5.4.0/avr25\libgcc.a(_mulhi3.o)
 .text.libgcc.div
                0x00000000        0x0 c:/program files (x86)/atmel/studio/7.0/toolchain/avr8/avr8-gnu-toolchain/bin/../lib/gcc/avr/5.4.0/avr25\libgcc.a(_mulhi3.o)
 .text.libgcc   0x00000000        0x0 c:/program files (x86)/atmel/studio/7.0/toolchain/avr8/avr8-gnu-toolchain/bin/../lib/gcc/avr/5.4.0/avr25\libgcc.a(_mulhi3.o)
 .text.libgcc.prologue
                0x00000000        0x0 c:/program files (x86)/atmel/studio/7.0/toolchain/avr8/avr8-gnu-toolchain/bin/../lib/gcc/avr/5.4.0/avr25\libgcc.a(_mulhi3.o)
 .text.libgcc.builtins
                0x00000000        0x0 c:/program files (x86)/atmel/studio/7.0/toolchain/avr8/avr8-gnu-toolchain/bin/../lib/gcc/avr/5.4.0/avr25\libgcc.a(_mulhi3.o)
 .text.libgcc.fmul
                0x00000000        0x0 c:/program files (x86)/atmel/studio/7.0/toolchain/avr8/avr8-gnu-toolchain/bin/../lib/gcc/avr/5.4.0/avr25\libgcc.a(_mulhi3.o)
 .text.libgcc.fixed
                0x00000000        0x0 c:/program files (x86)/atmel/studio/7.0/toolchain/avr8/avr8-gnu-toolchain/bin/../lib/gcc/avr/5.4.0/avr25\libgcc.a(_mulhi3.o)
 .text          0x00000000        0x0 c:/program files (x86)/atmel/studio/7.0/toolchain/avr8/avr8-gnu-toolchain/bin/../lib/gcc/avr/5.4.0/avr25\libgcc.a(_divmodhi4.o)
 .data          0x00000000        0x0 c:/program files (x86)/atmel/studio/7.0/toolchain/avr8/avr8-gnu-toolchain/bin/../lib/gcc/avr/5.4.0/avr25\libgcc.a(_divmodhi4.o)
 .bss           0x00000000        0x0 c:/program files (x86)/atmel/studio/7.0/toolchain/avr8/avr8-gnu-toolchain/bin/../lib/gcc/avr/5.4.0/avr25\libgcc.a(_divmodhi4.o)
 .text.libgcc.mul
                0x00000000        0x0 c:/program files (x86)/atmel/studio/7.0/toolchain/avr8/avr8-gnu-toolchain/bin/../lib/gcc/avr/5.4.0/avr25\libgcc.a(_divmodhi4.o)
 .text.libgcc   0x00000000        0x0 c:/program files (x86)/atmel/studio/7.0/toolchain/avr8/avr8-gnu-toolchain/bin/../lib/gcc/avr/5.4.0/avr25\libgcc.a(_divmodhi4.o)
 .text.libgcc.prologue
                0x00000000        0x0 c:/program files (x86)/atmel/studio/7.0/toolchain/avr8/avr8-gnu-toolchain/bin/../lib/gcc/avr/5.4.0/avr25\libgcc.a(_divmodhi4.o)
 .text.libgcc.builtins
                0x00000000        0x0 c:/program files (x86)/atmel/studio/7.0/toolchain/avr8/avr8-gnu-toolchain/bin/../lib/gcc/avr/5.4.0/avr25\libgcc.a(_divmodhi4.o)
 .text.libgcc.fmul
                0x00000000        0x0 c:/program files (x86)/atmel/studio/7.0/toolchain/avr8/avr8-gnu-toolchain/bin/../lib/gcc/avr/5.4.0/avr25\libgcc.a(_divmodhi4.o)
 .text.libgcc.fixed
                0x00000000        0x0 c:/program files (x86)/atmel/studio/7.0/toolchain/avr8/avr8-gnu-toolchain/bin/../lib/gcc/avr/5.4.0/avr25\libgcc.a(_divmodhi4.o)
 .text          0x00000000        0x0 c:/program files (x86)/atmel/studio/7.0/toolchain/avr8/avr8-gnu-toolchain/bin/../lib/gcc/avr/5.4.0/avr25\libgcc.a(_exit.o)
 .data          0x00000000        0x0 c:/program files (x86)/atmel/studio/7.0/toolchain/avr8/avr8-gnu-toolchain/bin/../lib/gcc/avr/5.4.0/avr25\libgcc.a(_exit.o)
 .bss           0x00000000        0x0 c:/program files (x86)/atmel/studio/7.0/toolchain/avr8/avr8-gnu-toolchain/bin/../lib/gcc/avr/5.4.0/avr25\libgcc.a(_exit.o)
 .text.libgcc.mul
                0x00000000        0x0 c:/program files (x86)/atmel/studio/7.0/toolchain/avr8/avr8-gnu-toolchain/bin/../lib/gcc/avr/5.4.0/avr25\libgcc.a(_exit.o)
 .text.libgcc.div
                0x00000000        0x0 c:/program files (x86)/atmel/studio/7.0/toolchain/avr8/avr8-gnu-toolchain/bin/../lib/gcc/avr/5.4.0/avr25\libgcc.a(_exit.o)
 .text.libgcc   0x00000000        0x0 c:/program files (x86)/atmel/studio/7.0/toolchain/avr8/avr8-gnu-toolchain/bin/../lib/gcc/avr/5.4.0/avr25\libgcc.a(_exit.o)
 .text.libgcc.prologue
                0x00000000        0x0 c:/program files (x86)/atmel/studio/7.0/toolchain/avr8/avr8-gnu-toolchain/bin/../lib/gcc/avr/5.4.0/avr25\libgcc.a(_exit.o)
 .text.libgcc.builtins
                0x00000000        0x0 c:/program files (x86)/atmel/studio/7.0/toolchain/avr8/avr8-gnu-toolchain/bin/../lib/gcc/avr/5.4.0/avr25\libgcc.a(_exit.o)
 .text.libgcc.fmul
                0x00000000        0x0 c:/program files (x86)/atmel/studio/7.0/toolchain/avr8/avr8-gnu-toolchain/bin/../lib/gcc/avr/5.4.0/avr25\libgcc.a(_exit.o)
 .text.libgcc.fixed
                0x00000000        0x0 c:/program files (x86)/atmel/studio/7.0/toolchain/avr8/avr8-gnu-toolchain/bin/../lib/gcc/avr/5.4.0/avr25\libgcc.a(_exit.o)
 .text          0x00000000        0x0 c:/program files (x86)/atmel/studio/7.0/toolchain/avr8/avr8-gnu-toolchain/bin/../lib/gcc/avr/5.4.0/avr25\libgcc.a(_copy_data.o)
 .data          0x00000000        0x0 c:/program files (x86)/atmel/studio/7.0/toolchain/avr8/avr8-gnu-toolchain/bin/../lib/gcc/avr/5.4.0/avr25\libgcc.a(_copy_data.o)
 .bss           0x00000000        0x0 c:/program files (x86)/atmel/studio/7.0/toolchain/avr8/avr8-gnu-toolchain/bin/../lib/gcc/avr/5.4.0/avr25\libgcc.a(_copy_data.o)
 .text.libgcc.mul
                0x00000000        0x0 c:/program files (x86)/atmel/studio/7.0/toolchain/avr8/avr8-gnu-toolchain/bin/../lib/gcc/avr/5.4.0/avr25\libgcc.a(_copy_data.o)
 .text.libgcc.div
                0x00000000        0x0 c:/program files (x86)/atmel/studio/7.0/toolchain/avr8/avr8-gnu-toolchain/bin/../lib/gcc/avr/5.4.0/avr25\libgcc.a(_copy_data.o)
 .text.libgcc   0x00000000        0x0 c:/program files (x86)/atmel/studio/7.0/toolchain/avr8/avr8-gnu-toolchain/bin/../lib/gcc/avr/5.4.0/avr25\libgcc.a(_copy_data.o)
 .text.libgcc.prologue
                0x00000000        0x0 c:/program files (x86)/atmel/studio/7.0/toolchain/avr8/avr8-gnu-toolchain/bin/../lib/gcc/avr/5.4.0/avr25\libgcc.a(_copy_data.o)
 .text.libgcc.builtins
                0x00000000        0x0 c:/program files (x86)/atmel/studio/7.0/toolchain/avr8/avr8-gnu-toolchain/bin/../lib/gcc/avr/5.4.0/avr25\libgcc.a(_copy_data.o)
 .text.libgcc.fmul
                0x00000000        0x0 c:/program files (x86)/atmel/studio/7.0/toolchain/avr8/avr8-gnu-toolchain/bin/../lib/gcc/avr/5.4.0/avr25\libgcc.a(_copy_data.o)
 .text.libgcc.fixed
                0x00000000        0x0 c:/program files (x86)/atmel/studio/7.0/toolchain/avr8/avr8-gnu-toolchain/bin/../lib/gcc/avr/5.4.0/avr25\libgcc.a(_copy_data.o)
 .text          0x00000000        0x0 c:/program files (x86)/atmel/studio/7.0/toolchain/avr8/avr8-gnu-toolchain/bin/../lib/gcc/avr/5.4.0/avr25\libgcc.a(_clear_bss.o)
 .data          0x00000000        0x0 c:/program files (x86)/atmel/studio/7.0/toolchain/avr8/avr8-gnu-toolchain/bin/../lib/gcc/avr/5.4.0/avr25\libgcc.a(_clear_bss.o)
 .bss           0x00000000        0x0 c:/program files (x86)/atmel/studio/7.0/toolchain/avr8/avr8-gnu-toolchain/bin/../lib/gcc/avr/5.4.0/avr25\libgcc.a(_clear_bss.o)
 .text.libgcc.mul
                0x00000000        0x0 c:/program files (x86)/atmel/studio/7.0/toolchain/avr8/avr8-gnu-toolchain/bin/../lib/gcc/avr/5.4.0/avr25\libgcc.a(_clear_bss.o)
 .text.libgcc.div
                0x00000000        0x0 c:/program files (x86)/atmel/studio/7.0/toolchain/avr8/avr8-gnu-toolchain/bin/../lib/gcc/avr/5.4.0/avr25\libgcc.a(_clear_bss.o)
 .text.libgcc   0x00000000        0x0 c:/program files (x86)/atmel/studio/7.0/toolchain/avr8/avr8-gnu-toolchain/bin/../lib/gcc/avr/5.4.0/avr25\libgcc.a(_clear_bss.o)
 .text.libgcc.prologue
                0x00000000        0x0 c:/program files (x86)/atmel/studio/7.0/toolchain/avr8/avr8-gnu-toolchain/bin/../lib/gcc/avr/5.4.0/avr25\libgcc.a(_clear_bss.o)
 .text.libgcc.builtins
                0x00000000        0x0 c:/program files (x86)/atmel/studio/7.0/toolchain/avr8/avr8-gnu-toolchain/bin/../lib/gcc/avr/5.4.0/avr25\libgcc.a(_clear_bss.o)
 .text.libgcc.fmul
                0x00000000        0x0 c:/program files (x86)/atmel/studio/7.0/toolchain/avr8/avr8-gnu-toolchain/bin/../lib/gcc/avr/5.4.0/avr25\libgcc.a(_clear_bss.o)
 .text.libgcc.fixed
                0x00000000        0x0 c:/program files (x86)/atmel/studio/7.0/toolchain/avr8/avr8-gnu-toolchain/bin/../lib/gcc/avr/5.4.0/avr25\libgcc.a(_clear_bss.o)
 .text          0x00000000        0x0 c:/program files (x86)/atmel/studio/7.0/toolchain/avr8/avr8-gnu-toolchain/bin/../lib/gcc/avr/5.4.0/avr25\libgcc.a(_prologue.o)
 .data          0x00000000        0x0 c:/program files (x86)/atmel/studio/7.0/toolchain/avr8/avr8-gnu-toolchain/bin/../lib/gcc/avr/5.4.0/avr25\libgcc.a(_prologue.o)
 .bss           0x00000000        0x0 c:/program files (x86)/atmel/studio/7.0/toolchain/avr8/avr8-gnu-toolchain/bin/../lib/gcc/avr/5.4.0/avr25\libgcc.a(_prologue.o)
 .text.libgcc.mul
                0x00000000        0x0 c:/program files (x86)/atmel/studio/7.0/toolchain/avr8/avr8-gnu-toolchain/bin/../lib/gcc/avr/5.4.0/avr25\libgcc.a(_prologue.o)
 .text.libgcc.div
                0x00000000        0x0 c:/program files (x86)/atmel/studio/7.0/toolchain/avr8/avr8-gnu-toolchain/bin/../lib/gcc/avr/5.4.0/avr25\libgcc.a(_prologue.o)
 .text.libgcc   0x00000000        0x0 c:/program files (x86)/atmel/studio/7.0/toolchain/avr8/avr8-gnu-toolchain/bin/../lib/gcc/avr/5.4.0/avr25\libgcc.a(_prologue.o)
 .text.libgcc.builtins
                0x00000000        0x0 c:/program files (x86)/atmel/studio/7.0/toolchain/avr8/avr8-gnu-toolchain/bin/../lib/gcc/avr/5.4.0/avr25\libgcc.a(_prologue.o)
 .text.libgcc.fmul
                0x00000000        0x0 c:/program files (x86)/atmel/studio/7.0/toolchain/avr8/avr8-gnu-toolchain/bin/../lib/gcc/avr/5.4.0/avr25\libgcc.a(_prologue.o)
 .text.libgcc.fixed
                0x00000000        0x0 c:/program files (x86)/atmel/studio/7.0/toolchain/avr8/avr8-gnu-toolchain/bin/../lib/gcc/avr/5.4.0/avr25\libgcc.a(_prologue.o)
 .text          0x00000000        0x0 c:/program files (x86)/atmel/studio/7.0/toolchain/avr8/avr8-gnu-toolchain/bin/../lib/gcc/avr/5.4.0/avr25\libgcc.a(_epilogue.o)
 .data          0x00000000        0x0 c:/program files (x86)/atmel/studio/7.0/toolchain/avr8/avr8-gnu-toolchain/bin/../lib/gcc/avr/5.4.0/avr25\libgcc.a(_epilogue.o)
 .bss           0x00000000        0x0 c:/program files (x86)/atmel/studio/7.0/toolchain/avr8/avr8-gnu-toolchain/bin/../lib/gcc/avr/5.4.0/avr25\libgcc.a(_epilogue.o)
 .text.libgcc.mul
                0x00000000        0x0 c:/program files (x86)/atmel/studio/7.0/toolchain/avr8/avr8-gnu-toolchain/bin/../lib/gcc/avr/5.4.0/avr25\libgcc.a(_epilogue.o)
 .text.libgcc.div
                0x00000000        0x0 c:/program files (x86)/atmel/studio/7.0/toolchain/avr8/avr8-gnu-toolchain/bin/../lib/gcc/avr/5.4.0/avr25\libgcc.a(_epilogue.o)
 .text.libgcc   0x00000000        0x0 c:/program files (x86)/atmel/studio/7.0/toolchain/avr8/avr8-gnu-toolchain/bin/../lib/gcc/avr/5.4.0/avr25\libgcc.a(_epilogue.o)
 .text.libgcc.builtins
                0x00000000        0x0 c:/program files (x86)/atmel/studio/7.0/toolchain/avr8/avr8-gnu-toolchain/bin/../lib/gcc/avr/5.4.0/avr25\libgcc.a(_epilogue.o)
 .text.libgcc.fmul
                0x00000000        0x0 c:/program files (x86)/atmel/studio/7.0/toolchain/avr8/avr8-gnu-toolchain/bin/../lib/gcc/avr/5.4.0/avr25\libgcc.a(_epilogue.o)
 .text.libgcc.fixed
                0x00000000        0x0 c:/program files (x86)/atmel/studio/7.0/toolchain/avr8/avr8-gnu-toolchain/bin/../lib/gcc/avr/5.4.0/avr25\libgcc.a(_epilogue.o)
 .text          0x00000000        0x0 c:/program files (x86)/atmel/studio/7.0/toolchain/avr8/avr8-gnu-toolchain/bin/../lib/gcc/avr/5.4.0/avr25\libgcc.a(_adddi3_s8.o)
 .data          0x00000000        0x0 c:/program files (x86)/atmel/studio/7.0/toolchain/avr8/avr8-gnu-toolchain/bin/../lib/gcc/avr/5.4.0/avr25\libgcc.a(_adddi3_s8.o)
 .bss           0x00000000        0x0 c:/program files (x86)/atmel/studio/7.0/toolchain/avr8/avr8-gnu-toolchain/bin/../lib/gcc/avr/5.4.0/avr25\libgcc.a(_adddi3_s8.o)
 .text.libgcc.mul
                0x00000000        0x0 c:/program files (x86)/atmel/studio/7.0/toolchain/avr8/avr8-gnu-toolchain/bin/../lib/gcc/avr/5.4.0/avr25\libgcc.a(_adddi3_s8.o)
 .text.libgcc.div
                0x00000000        0x0 c:/program files (x86)/atmel/studio/7.0/toolchain/avr8/avr8-gnu-toolchain/bin/../lib/gcc/avr/5.4.0/avr25\libgcc.a(_adddi3_s8.o)
 .text.libgcc.prologue
                0x00000000        0x0 c:/program files (x86)/atmel/studio/7.0/toolchain/avr8/avr8-gnu-toolchain/bin/../lib/gcc/avr/5.4.0/avr25\libgcc.a(_adddi3_s8.o)
 .text.libgcc.builtins
                0x00000000        0x0 c:/program files (x86)/atmel/studio/7.0/toolchain/avr8/avr8-gnu-toolchain/bin/../lib/gcc/avr/5.4.0/avr25\libgcc.a(_adddi3_s8.o)
 .text.libgcc.fmul
                0x00000000        0x0 c:/program files (x86)/atmel/studio/7.0/toolchain/avr8/avr8-gnu-toolchain/bin/../lib/gcc/avr/5.4.0/avr25\libgcc.a(_adddi3_s8.o)
 .text.libgcc.fixed
                0x00000000        0x0 c:/program files (x86)/atmel/studio/7.0/toolchain/avr8/avr8-gnu-toolchain/bin/../lib/gcc/avr/5.4.0/avr25\libgcc.a(_adddi3_s8.o)
 .text          0x00000000        0x0 c:/program files (x86)/atmel/studio/7.0/toolchain/avr8/avr8-gnu-toolchain/bin/../lib/gcc/avr/5.4.0/avr25\libgcc.a(_subdi3.o)
 .data          0x00000000        0x0 c:/program files (x86)/atmel/studio/7.0/toolchain/avr8/avr8-gnu-toolchain/bin/../lib/gcc/avr/5.4.0/avr25\libgcc.a(_subdi3.o)
 .bss           0x00000000        0x0 c:/program files (x86)/atmel/studio/7.0/toolchain/avr8/avr8-gnu-toolchain/bin/../lib/gcc/avr/5.4.0/avr25\libgcc.a(_subdi3.o)
 .text.libgcc.mul
                0x00000000        0x0 c:/program files (x86)/atmel/studio/7.0/toolchain/avr8/avr8-gnu-toolchain/bin/../lib/gcc/avr/5.4.0/avr25\libgcc.a(_subdi3.o)
 .text.libgcc.div
                0x00000000        0x0 c:/program files (x86)/atmel/studio/7.0/toolchain/avr8/avr8-gnu-toolchain/bin/../lib/gcc/avr/5.4.0/avr25\libgcc.a(_subdi3.o)
 .text.libgcc.prologue
                0x00000000        0x0 c:/program files (x86)/atmel/studio/7.0/toolchain/avr8/avr8-gnu-toolchain/bin/../lib/gcc/avr/5.4.0/avr25\libgcc.a(_subdi3.o)
 .text.libgcc.builtins
                0x00000000        0x0 c:/program files (x86)/atmel/studio/7.0/toolchain/avr8/avr8-gnu-toolchain/bin/../lib/gcc/avr/5.4.0/avr25\libgcc.a(_subdi3.o)
 .text.libgcc.fmul
                0x00000000        0x0 c:/program files (x86)/atmel/studio/7.0/toolchain/avr8/avr8-gnu-toolchain/bin/../lib/gcc/avr/5.4.0/avr25\libgcc.a(_subdi3.o)
 .text.libgcc.fixed
                0x00000000        0x0 c:/program files (x86)/atmel/studio/7.0/toolchain/avr8/avr8-gnu-toolchain/bin/../lib/gcc/avr/5.4.0/avr25\libgcc.a(_subdi3.o)
 .text          0x00000000        0x0 c:/program files (x86)/atmel/studio/7.0/toolchain/avr8/avr8-gnu-toolchain/bin/../lib/gcc/avr/5.4.0/avr25\libgcc.a(_udivmodhi4.o)
 .data          0x00000000        0x0 c:/program files (x86)/atmel/studio/7.0/toolchain/avr8/avr8-gnu-toolchain/bin/../lib/gcc/avr/5.4.0/avr25\libgcc.a(_udivmodhi4.o)
 .bss           0x00000000        0x0 c:/program files (x86)/atmel/studio/7.0/toolchain/avr8/avr8-gnu-toolchain/bin/../lib/gcc/avr/5.4.0/avr25\libgcc.a(_udivmodhi4.o)
 .text.libgcc.mul
                0x00000000        0x0 c:/program files (x86)/atmel/studio/7.0/toolchain/avr8/avr8-gnu-toolchain/bin/../lib/gcc/avr/5.4.0/avr25\libgcc.a(_udivmodhi4.o)
 .text.libgcc   0x00000000        0x0 c:/program files (x86)/atmel/studio/7.0/toolchain/avr8/avr8-gnu-toolchain/bin/../lib/gcc/avr/5.4.0/avr25\libgcc.a(_udivmodhi4.o)
 .text.libgcc.prologue
                0x00000000        0x0 c:/program files (x86)/atmel/studio/7.0/toolchain/avr8/avr8-gnu-toolchain/bin/../lib/gcc/avr/5.4.0/avr25\libgcc.a(_udivmodhi4.o)
 .text.libgcc.builtins
                0x00000000        0x0 c:/program files (x86)/atmel/studio/7.0/toolchain/avr8/avr8-gnu-toolchain/bin/../lib/gcc/avr/5.4.0/avr25\libgcc.a(_udivmodhi4.o)
 .text.libgcc.fmul
                0x00000000        0x0 c:/program files (x86)/atmel/studio/7.0/toolchain/avr8/avr8-gnu-toolchain/bin/../lib/gcc/avr/5.4.0/avr25\libgcc.a(_udivmodhi4.o)
 .text.libgcc.fixed
                0x00000000        0x0 c:/program files (x86)/atmel/studio/7.0/toolchain/avr8/avr8-gnu-toolchain/bin/../lib/gcc/avr/5.4.0/avr25\libgcc.a(_udivmodhi4.o)

Memory Configuration

Name             Origin             Length             Attributes
text             0x00000000         0x00002000         xr
data             0x00800060         0x0000ffa0         rw !x
eeprom           0x00810000         0x00010000         rw !x
fuse             0x00820000         0x00000003         rw !x
lock             0x00830000         0x00000400         rw !x
signature        0x00840000         0x00000400         rw !x
user_signatures  0x00850000         0x00000400         rw !x
*default*        0x00000000         0xffffffff

Linker script and memory map

LOAD C:/Program Files (x86)/Atmel/Studio/7.0/Packs/atmel/ATtiny_DFP/1.3.229/gcc/dev/attiny84/avr25/crtattiny84.o
LOAD main.o
LOAD src/adc.o
LOAD src/io.o
LOAD src/puzzle.o
LOAD src/QTouch/BitBangSPI_Master.o
LOAD src/QTouch/init_mcu_attiny84.o
LOAD src/QTouch/eeprom_access.o
LOAD src/QTouch/QDebug.o
LOAD src/QTouch/QDebugTransport.o
LOAD src/QTouch/qt_asm_tiny_mega.o
LOAD touch.o
START GROUP
LOAD ../src/QTouch\libavr25g1-4qt-k-1rs.a
LOAD c:/program files (x86)/atmel/studio/7.0/toolchain/avr8/avr8-gnu-toolchain/bin/../lib/gcc/avr/5.4.0/../../../../avr/lib/avr25\libm.a
END GROUP
START GROUP
LOAD c:/program files (x86)/atmel/studio/7.0/toolchain/avr8/avr8-gnu-toolchain/bin/../lib/gcc/avr/5.4.0/avr25\libgcc.a
LOAD c:/program files (x86)/atmel/studio/7.0/toolchain/avr8/avr8-gnu-toolchain/bin/../lib/gcc/avr/5.4.0/../../../../avr/lib/avr25\libm.a
LOAD c:/program files (x86)/atmel/studio/7.0/toolchain/avr8/avr8-gnu-toolchain/bin/../lib/gcc/avr/5.4.0/../../../../avr/lib/avr25\libc.a
LOAD C:/Program Files (x86)/Atmel/Studio/7.0/Packs/atmel/ATtiny_DFP/1.3.229/gcc/dev/attiny84/avr25\libattiny84.a
END GROUP
                0x00000000                __TEXT_REGION_ORIGIN__ = DEFINED (__TEXT_REGION_ORIGIN__)?__TEXT_REGION_ORIGIN__:0x0
                0x00800060                __DATA_REGION_ORIGIN__ = DEFINED (__DATA_REGION_ORIGIN__)?__DATA_REGION_ORIGIN__:0x800060
                0x00002000                __TEXT_REGION_LENGTH__ = DEFINED (__TEXT_REGION_LENGTH__)?__TEXT_REGION_LENGTH__:0x2000
                0x0000ffa0                __DATA_REGION_LENGTH__ = DEFINED (__DATA_REGION_LENGTH__)?__DATA_REGION_LENGTH__:0xffa0
                0x00010000                __EEPROM_REGION_LENGTH__ = DEFINED (__EEPROM_REGION_LENGTH__)?__EEPROM_REGION_LENGTH__:0x10000
                [0x00000003]                __FUSE_REGION_LENGTH__ = DEFINED (__FUSE_REGION_LENGTH__)?__FUSE_REGION_LENGTH__:0x400
                0x00000400                __LOCK_REGION_LENGTH__ = DEFINED (__LOCK_REGION_LENGTH__)?__LOCK_REGION_LENGTH__:0x400
                0x00000400                __SIGNATURE_REGION_LENGTH__ = DEFINED (__SIGNATURE_REGION_LENGTH__)?__SIGNATURE_REGION_LENGTH__:0x400
                0x00000400                __USER_SIGNATURE_REGION_LENGTH__ = DEFINED (__USER_SIGNATURE_REGION_LENGTH__)?__USER_SIGNATURE_REGION_LENGTH__:0x400

.hash
 *(.hash)

.dynsym
 *(.dynsym)

.dynstr
 *(.dynstr)

.gnu.version
 *(.gnu.version)

.gnu.version_d
 *(.gnu.version_d)

.gnu.version_r
 *(.gnu.version_r)

.rel.init
 *(.rel.init)

.rela.init
 *(.rela.init)

.rel.text
 *(.rel.text)
 *(.rel.text.*)
 *(.rel.gnu.linkonce.t*)

.rela.text
 *(.rela.text)
 *(.rela.text.*)
 *(.rela.gnu.linkonce.t*)

.rel.fini
 *(.rel.fini)

.rela.fini
 *(.rela.fini)

.rel.rodata
 *(.rel.rodata)
 *(.rel.rodata.*)
 *(.rel.gnu.linkonce.r*)

.rela.rodata
 *(.rela.rodata)
 *(.rela.rodata.*)
 *(.rela.gnu.linkonce.r*)

.rel.data
 *(.rel.data)
 *(.rel.data.*)
 *(.rel.gnu.linkonce.d*)

.rela.data
 *(.rela.data)
 *(.rela.data.*)
 *(.rela.gnu.linkonce.d*)

.rel.ctors
 *(.rel.ctors)

.rela.ctors
 *(.rela.ctors)

.rel.dtors
 *(.rel.dtors)

.rela.dtors
 *(.rela.dtors)

.rel.got
 *(.rel.got)

.rela.got
 *(.rela.got)

.rel.bss
 *(.rel.bss)

.rela.bss
 *(.rela.bss)

.rel.plt
 *(.rel.plt)

.rela.plt
 *(.rela.plt)

.text           0x00000000     0x1752
 *(.vectors)
 .vectors       0x00000000       0x22 C:/Program Files (x86)/Atmel/Studio/7.0/Packs/atmel/ATtiny_DFP/1.3.229/gcc/dev/attiny84/avr25/crtattiny84.o
                0x00000000                __vector_default
                0x00000000                __vectors
 *(.vectors)
 *(.progmem.gcc*)
                0x00000022                . = ALIGN (0x2)
                0x00000022                __trampolines_start = .
 *(.trampolines)
 .trampolines   0x00000022        0x0 linker stubs
 *(.trampolines*)
                0x00000022                __trampolines_end = .
 *libprintf_flt.a:*(.progmem.data)
 *libc.a:*(.progmem.data)
 *(.progmem*)
                0x00000022                . = ALIGN (0x2)
 *(.jumptables)
 *(.jumptables*)
 *(.lowtext)
 *(.lowtext*)
                0x00000022                __ctors_start = .
 *(.ctors)
                0x00000022                __ctors_end = .
                0x00000022                __dtors_start = .
 *(.dtors)
                0x00000022                __dtors_end = .
 SORT(*)(.ctors)
 SORT(*)(.dtors)
 *(.init0)
 .init0         0x00000022        0x0 C:/Program Files (x86)/Atmel/Studio/7.0/Packs/atmel/ATtiny_DFP/1.3.229/gcc/dev/attiny84/avr25/crtattiny84.o
                0x00000022                __init
 *(.init0)
 *(.init1)
 *(.init1)
 *(.init2)
 .init2         0x00000022        0xc C:/Program Files (x86)/Atmel/Studio/7.0/Packs/atmel/ATtiny_DFP/1.3.229/gcc/dev/attiny84/avr25/crtattiny84.o
 *(.init2)
 *(.init3)
 *(.init3)
 *(.init4)
 .init4         0x0000002e       0x16 c:/program files (x86)/atmel/studio/7.0/toolchain/avr8/avr8-gnu-toolchain/bin/../lib/gcc/avr/5.4.0/avr25\libgcc.a(_copy_data.o)
                0x0000002e                __do_copy_data
 .init4         0x00000044       0x10 c:/program files (x86)/atmel/studio/7.0/toolchain/avr8/avr8-gnu-toolchain/bin/../lib/gcc/avr/5.4.0/avr25\libgcc.a(_clear_bss.o)
                0x00000044                __do_clear_bss
 *(.init4)
 *(.init5)
 *(.init5)
 *(.init6)
 *(.init6)
 *(.init7)
 *(.init7)
 *(.init8)
 *(.init8)
 *(.init9)
 .init9         0x00000054        0x4 C:/Program Files (x86)/Atmel/Studio/7.0/Packs/atmel/ATtiny_DFP/1.3.229/gcc/dev/attiny84/avr25/crtattiny84.o
 *(.init9)
 *(.text)
 .text          0x00000058        0x2 C:/Program Files (x86)/Atmel/Studio/7.0/Packs/atmel/ATtiny_DFP/1.3.229/gcc/dev/attiny84/avr25/crtattiny84.o
                0x00000058                __vector_1
                0x00000058                __vector_12
                0x00000058                __bad_interrupt
                0x00000058                __vector_6
                0x00000058                __vector_3
                0x00000058                __vector_11
                0x00000058                __vector_13
                0x00000058                __vector_7
                0x00000058                __vector_5
                0x00000058                __vector_4
                0x00000058                __vector_2
                0x00000058                __vector_15
                0x00000058                __vector_8
                0x00000058                __vector_14
                0x00000058                __vector_10
                0x00000058                __vector_16
 .text          0x0000005a       0x84 src/QTouch/qt_asm_tiny_mega.o
                0x0000005a                _1101010101_
                0x0000008e                _1101010111_
                0x000000c4                _1101010110_
 .text          0x000000de      0x1a4 ../src/QTouch\libavr25g1-4qt-k-1rs.a(burst_1_1_10_0_1.o)
                0x000000de                burst_1_1_10_0_1
 .text          0x00000282      0x270 ../src/QTouch\libavr25g1-4qt-k-1rs.a(touch_api.o)
                0x00000282                qt_init_sensing_with_burst
                0x000002be                qt_get_library_sig
                0x000002d6                qt_calibrate_sensing
                0x000002ee                qt_reset_sensing
                0x00000328                qt_measure_sensors
                0x00000418                qt_enable_key
                0x0000044a                qt_get_sensor_delta
 .text          0x000004f2      0x564 ../src/QTouch\libavr25g1-4qt-k-1rs.a(touch_process.o)
                0x00000538                start_cal_sensor
                0x0000055c                process_sensor
                0x00000a2a                get_channel_delta
 .text          0x00000a56       0x66 ../src/QTouch\libavr25g1-4qt-k-1rs.a(touch_burst_qt.o)
                0x00000a56                burst_init
                0x00000a60                burst_reset
                0x00000a82                burst
 .text          0x00000abc      0x52c ../src/QTouch\libavr25g1-4qt-k-1rs.a(touch_rs_qt.o)
                0x00000c58                qt_enable_rotor
                0x00000c92                qt_enable_slider
                0x00000ccc                calc_rotor_slider_sensor_delta
                0x00000d4e                calc_rotor_slider_value
                0x00000fa4                rotor_slider_enter_detect
                0x00000fe8                . = ALIGN (0x2)
 *(.text.*)
 .text.delay_cb
                0x00000fe8       0x14 main.o
 .text.rotor_touched
                0x00000ffc        0xe main.o
                0x00000ffc                rotor_touched
 .text.update_rotor_leds
                0x0000100a       0x16 main.o
                0x0000100a                update_rotor_leds
 .text.song_and_dance
                0x00001020       0xa4 main.o
                0x00001020                song_and_dance
 .text.startup.main
                0x000010c4      0x18c main.o
                0x000010c4                main
 .text.adc_init
                0x00001250        0xc src/adc.o
                0x00001250                adc_init
 .text.adc_measure
                0x0000125c       0x10 src/adc.o
                0x0000125c                adc_measure
 .text.adc_get_reading
                0x0000126c       0x32 src/adc.o
                0x0000126c                adc_get_reading
 .text.io_init  0x0000129e        0xe src/io.o
                0x0000129e                io_init
 .text.io_all_on
                0x000012ac        0xe src/io.o
                0x000012ac                io_all_on
 .text.io_all_off
                0x000012ba        0xe src/io.o
                0x000012ba                io_all_off
 .text.io_led   0x000012c8       0x6c src/io.o
                0x000012c8                io_led
 .text.io_rotor_off
                0x00001334       0x16 src/io.o
                0x00001334                io_rotor_off
 .text.io_rotor_set
                0x0000134a       0x34 src/io.o
                0x0000134a                io_rotor_set
 .text.io_output_char
                0x0000137e       0x36 src/io.o
                0x0000137e                io_output_char
 .text.pattern_output.isra.0
                0x000013b4       0xb2 src/puzzle.o
 .text.puzzle_rotor_reset
                0x00001466       0x12 src/puzzle.o
                0x00001466                puzzle_rotor_reset
 .text.puzzle_rotor_step
                0x00001478       0x58 src/puzzle.o
                0x00001478                puzzle_rotor_step
 .text.puzzle_rotor_solved
                0x000014d0        0x6 src/puzzle.o
                0x000014d0                puzzle_rotor_solved
 .text.puzzle_temp_solved
                0x000014d6        0x6 src/puzzle.o
                0x000014d6                puzzle_temp_solved
 .text.init_timer_isr
                0x000014dc       0x18 src/QTouch/init_mcu_attiny84.o
                0x000014dc                init_timer_isr
 .text.__vector_9
                0x000014f4       0xbc src/QTouch/init_mcu_attiny84.o
                0x000014f4                __vector_9
 .text.init_system
                0x000015b0       0x10 src/QTouch/init_mcu_attiny84.o
                0x000015b0                init_system
 .text.touch_init
                0x000015c0       0x6a touch.o
                0x000015c0                touch_init
 .text.touch_measure
                0x0000162a       0x1c touch.o
                0x0000162a                touch_measure
 .text.libgcc.mul
                0x00001646       0x22 c:/program files (x86)/atmel/studio/7.0/toolchain/avr8/avr8-gnu-toolchain/bin/../lib/gcc/avr/5.4.0/avr25\libgcc.a(_mulhi3.o)
                0x00001646                __mulhi3
 .text.libgcc.div
                0x00001668       0x26 c:/program files (x86)/atmel/studio/7.0/toolchain/avr8/avr8-gnu-toolchain/bin/../lib/gcc/avr/5.4.0/avr25\libgcc.a(_divmodhi4.o)
                0x00001668                _div
                0x00001668                __divmodhi4
 .text.libgcc.prologue
                0x0000168e       0x38 c:/program files (x86)/atmel/studio/7.0/toolchain/avr8/avr8-gnu-toolchain/bin/../lib/gcc/avr/5.4.0/avr25\libgcc.a(_prologue.o)
                0x0000168e                __prologue_saves__
 .text.libgcc.prologue
                0x000016c6       0x36 c:/program files (x86)/atmel/studio/7.0/toolchain/avr8/avr8-gnu-toolchain/bin/../lib/gcc/avr/5.4.0/avr25\libgcc.a(_epilogue.o)
                0x000016c6                __epilogue_restores__
 .text.libgcc   0x000016fc       0x18 c:/program files (x86)/atmel/studio/7.0/toolchain/avr8/avr8-gnu-toolchain/bin/../lib/gcc/avr/5.4.0/avr25\libgcc.a(_adddi3_s8.o)
                0x000016fc                __adddi3_s8
 .text.libgcc   0x00001714       0x12 c:/program files (x86)/atmel/studio/7.0/toolchain/avr8/avr8-gnu-toolchain/bin/../lib/gcc/avr/5.4.0/avr25\libgcc.a(_subdi3.o)
                0x00001714                __subdi3
 .text.libgcc.div
                0x00001726       0x28 c:/program files (x86)/atmel/studio/7.0/toolchain/avr8/avr8-gnu-toolchain/bin/../lib/gcc/avr/5.4.0/avr25\libgcc.a(_udivmodhi4.o)
                0x00001726                __udivmodhi4
                0x0000174e                . = ALIGN (0x2)
 *(.fini9)
 .fini9         0x0000174e        0x0 c:/program files (x86)/atmel/studio/7.0/toolchain/avr8/avr8-gnu-toolchain/bin/../lib/gcc/avr/5.4.0/avr25\libgcc.a(_exit.o)
                0x0000174e                _exit
                0x0000174e                exit
 *(.fini9)
 *(.fini8)
 *(.fini8)
 *(.fini7)
 *(.fini7)
 *(.fini6)
 *(.fini6)
 *(.fini5)
 *(.fini5)
 *(.fini4)
 *(.fini4)
 *(.fini3)
 *(.fini3)
 *(.fini2)
 *(.fini2)
 *(.fini1)
 *(.fini1)
 *(.fini0)
 .fini0         0x0000174e        0x4 c:/program files (x86)/atmel/studio/7.0/toolchain/avr8/avr8-gnu-toolchain/bin/../lib/gcc/avr/5.4.0/avr25\libgcc.a(_exit.o)
 *(.fini0)
                0x00001752                _etext = .

.data           0x00800060        0xe load address 0x00001752
                0x00800060                PROVIDE (__data_start, .)
 *(.data)
 .data          0x00800060        0x1 ../src/QTouch\libavr25g1-4qt-k-1rs.a(touch_api.o)
                0x00800060                freq_shift
 *(.data*)
 .data.qt_measurement_period_msec
                0x00800061        0x2 main.o
                0x00800061                qt_measurement_period_msec
 *(.gnu.linkonce.d*)
 *(.rodata)
 *(.rodata*)
 .rodata.str1.1
                0x00800063        0xa src/puzzle.o
 *(.gnu.linkonce.r*)
                0x0080006e                . = ALIGN (0x2)
 *fill*         0x0080006d        0x1 
                0x0080006e                _edata = .
                0x0080006e                PROVIDE (__data_end, .)

.bss            0x0080006e       0x7f
                0x0080006e                PROVIDE (__bss_start, .)
 *(.bss)
 .bss           0x0080006e        0x3 ../src/QTouch\libavr25g1-4qt-k-1rs.a(burst_1_1_10_0_1.o)
 .bss           0x00800071       0x23 ../src/QTouch\libavr25g1-4qt-k-1rs.a(touch_api.o)
                0x00800071                burst_proc
                0x00800073                lib_status_flags
                0x00800075                qt_filter_callback
                0x00800077                qt_measure_data
                0x00800089                qt_config_data
 .bss           0x00800094       0x26 ../src/QTouch\libavr25g1-4qt-k-1rs.a(touch_process.o)
                0x00800094                dht_counter
                0x00800095                num_sensors
                0x00800096                sensors
 .bss           0x008000ba        0x8 ../src/QTouch\libavr25g1-4qt-k-1rs.a(touch_burst_qt.o)
                0x008000ba                SNSK_array
                0x008000be                SNS_array
 .bss           0x008000c2        0xa ../src/QTouch\libavr25g1-4qt-k-1rs.a(touch_rs_qt.o)
                0x008000c2                num_rotors_sliders
 *(.bss*)
 .bss.last_temp_time
                0x008000cc        0x8 main.o
                0x008000cc                last_temp_time
 .bss.last_poke_time
                0x008000d4        0x8 main.o
                0x008000d4                last_poke_time
 .bss.current_time
                0x008000dc        0x8 main.o
                0x008000dc                current_time
 .bss.current_time_ms_touch
                0x008000e4        0x2 main.o
                0x008000e4                current_time_ms_touch
 .bss.time_to_measure_touch
                0x008000e6        0x1 main.o
                0x008000e6                time_to_measure_touch
 .bss.time_ms_inc
                0x008000e7        0x2 main.o
                0x008000e7                time_ms_inc
 .bss.rotor_count
                0x008000e9        0x2 src/puzzle.o
 .bss.last_observed_rotor
                0x008000eb        0x2 src/puzzle.o
 *(COMMON)
                0x008000ed                PROVIDE (__bss_end, .)
                0x00001752                __data_load_start = LOADADDR (.data)
                0x00001760                __data_load_end = (__data_load_start + SIZEOF (.data))

.noinit         0x008000ed        0x0
                [!provide]                PROVIDE (__noinit_start, .)
 *(.noinit*)
                [!provide]                PROVIDE (__noinit_end, .)
                0x008000ed                _end = .
                [!provide]                PROVIDE (__heap_start, .)

.eeprom         0x00810000        0x0
 *(.eeprom*)
                0x00810000                __eeprom_end = .

.fuse
 *(.fuse)
 *(.lfuse)
 *(.hfuse)
 *(.efuse)

.lock
 *(.lock*)

.signature
 *(.signature*)

.user_signatures
 *(.user_signatures*)

.stab
 *(.stab)

.stabstr
 *(.stabstr)

.stab.excl
 *(.stab.excl)

.stab.exclstr
 *(.stab.exclstr)

.stab.index
 *(.stab.index)

.stab.indexstr
 *(.stab.indexstr)

.comment        0x00000000       0x30
 *(.comment)
 .comment       0x00000000       0x30 main.o
                                 0x31 (size before relaxing)
 .comment       0x00000030       0x31 src/adc.o
 .comment       0x00000030       0x31 src/io.o
 .comment       0x00000030       0x31 src/puzzle.o
 .comment       0x00000030       0x31 src/QTouch/init_mcu_attiny84.o
 .comment       0x00000030       0x31 touch.o

.note.gnu.avr.deviceinfo
                0x00000000       0x3c
 .note.gnu.avr.deviceinfo
                0x00000000       0x3c C:/Program Files (x86)/Atmel/Studio/7.0/Packs/atmel/ATtiny_DFP/1.3.229/gcc/dev/attiny84/avr25/crtattiny84.o

.note.gnu.build-id
 *(.note.gnu.build-id)

.debug
 *(.debug)

.line
 *(.line)

.debug_srcinfo
 *(.debug_srcinfo)

.debug_sfnames
 *(.debug_sfnames)

.debug_aranges  0x00000000      0x190
 *(.debug_aranges)
 .debug_aranges
                0x00000000       0x48 main.o
 .debug_aranges
                0x00000048       0x30 src/adc.o
 .debug_aranges
                0x00000078       0x58 src/io.o
 .debug_aranges
                0x000000d0       0x48 src/puzzle.o
 .debug_aranges
                0x00000118       0x30 src/QTouch/init_mcu_attiny84.o
 .debug_aranges
                0x00000148       0x20 src/QTouch/qt_asm_tiny_mega.o
 .debug_aranges
                0x00000168       0x28 touch.o

.debug_pubnames
 *(.debug_pubnames)

.debug_info     0x00000000     0x18e2
 *(.debug_info .gnu.linkonce.wi.*)
 .debug_info    0x00000000      0x420 C:/Program Files (x86)/Atmel/Studio/7.0/Packs/atmel/ATtiny_DFP/1.3.229/gcc/dev/attiny84/avr25/crtattiny84.o
 .debug_info    0x00000420      0x71f main.o
 .debug_info    0x00000b3f       0xf9 src/adc.o
 .debug_info    0x00000c38      0x29c src/io.o
 .debug_info    0x00000ed4      0x411 src/puzzle.o
 .debug_info    0x000012e5      0x115 src/QTouch/init_mcu_attiny84.o
 .debug_info    0x000013fa       0xa5 src/QTouch/qt_asm_tiny_mega.o
 .debug_info    0x0000149f      0x443 touch.o

.debug_abbrev   0x00000000      0xc2e
 *(.debug_abbrev)
 .debug_abbrev  0x00000000      0x3e8 C:/Program Files (x86)/Atmel/Studio/7.0/Packs/atmel/ATtiny_DFP/1.3.229/gcc/dev/attiny84/avr25/crtattiny84.o
 .debug_abbrev  0x000003e8      0x2a7 main.o
 .debug_abbrev  0x0000068f       0xaa src/adc.o
 .debug_abbrev  0x00000739      0x12c src/io.o
 .debug_abbrev  0x00000865      0x1bd src/puzzle.o
 .debug_abbrev  0x00000a22       0x81 src/QTouch/init_mcu_attiny84.o
 .debug_abbrev  0x00000aa3       0x14 src/QTouch/qt_asm_tiny_mega.o
 .debug_abbrev  0x00000ab7      0x177 touch.o

.debug_line     0x00000000      0xd8b
 *(.debug_line .debug_line.* .debug_line_end)
 .debug_line    0x00000000       0xfd C:/Program Files (x86)/Atmel/Studio/7.0/Packs/atmel/ATtiny_DFP/1.3.229/gcc/dev/attiny84/avr25/crtattiny84.o
 .debug_line    0x000000fd      0x2f0 main.o
 .debug_line    0x000003ed      0x11a src/adc.o
 .debug_line    0x00000507      0x224 src/io.o
 .debug_line    0x0000072b      0x202 src/puzzle.o
 .debug_line    0x0000092d      0x128 src/QTouch/init_mcu_attiny84.o
 .debug_line    0x00000a55      0x1d5 src/QTouch/qt_asm_tiny_mega.o
 .debug_line    0x00000c2a      0x161 touch.o

.debug_frame    0x00000000      0x300
 *(.debug_frame)
 .debug_frame   0x00000000       0x80 main.o
 .debug_frame   0x00000080       0x58 src/adc.o
 .debug_frame   0x000000d8       0xcc src/io.o
 .debug_frame   0x000001a4       0x9c src/puzzle.o
 .debug_frame   0x00000240       0x7c src/QTouch/init_mcu_attiny84.o
 .debug_frame   0x000002bc       0x44 touch.o

.debug_str      0x00000000      0x975
 *(.debug_str)
 .debug_str     0x00000000      0x173 C:/Program Files (x86)/Atmel/Studio/7.0/Packs/atmel/ATtiny_DFP/1.3.229/gcc/dev/attiny84/avr25/crtattiny84.o
 .debug_str     0x00000173      0x42d main.o
                                0x4b1 (size before relaxing)
 .debug_str     0x000005a0       0x20 src/adc.o
                                0x1bb (size before relaxing)
 .debug_str     0x000005c0       0x34 src/io.o
                                0x229 (size before relaxing)
 .debug_str     0x000005f4       0x6f src/puzzle.o
                                0x288 (size before relaxing)
 .debug_str     0x00000663       0x2d src/QTouch/init_mcu_attiny84.o
                                0x233 (size before relaxing)
 .debug_str     0x00000690      0x2e5 touch.o
                                0x5ab (size before relaxing)

.debug_loc      0x00000000      0xb04
 *(.debug_loc)
 .debug_loc     0x00000000      0x2eb main.o
 .debug_loc     0x000002eb       0xe1 src/adc.o
 .debug_loc     0x000003cc      0x2d4 src/io.o
 .debug_loc     0x000006a0      0x384 src/puzzle.o
 .debug_loc     0x00000a24       0xa4 src/QTouch/init_mcu_attiny84.o
 .debug_loc     0x00000ac8       0x3c touch.o

.debug_macinfo
 *(.debug_macinfo)

.debug_weaknames
 *(.debug_weaknames)

.debug_funcnames
 *(.debug_funcnames)

.debug_typenames
 *(.debug_typenames)

.debug_varnames
 *(.debug_varnames)

.debug_pubtypes
 *(.debug_pubtypes)

.debug_ranges   0x00000000      0x140
 *(.debug_ranges)
 .debug_ranges  0x00000000       0x68 main.o
 .debug_ranges  0x00000068       0x20 src/adc.o
 .debug_ranges  0x00000088       0x48 src/io.o
 .debug_ranges  0x000000d0       0x38 src/puzzle.o
 .debug_ranges  0x00000108       0x20 src/QTouch/init_mcu_attiny84.o
 .debug_ranges  0x00000128       0x18 touch.o

.debug_macro
 *(.debug_macro)
OUTPUT(GccQTouchApplication5.elf elf32-avr)
LOAD linker stubs
